edges
| test.go:60:50:60:63 | selection of Filter | test.go:60:11:60:69 | ...+... | provenance | Sink:MaD:184 |
| test.go:65:26:65:46 | type conversion | test.go:65:10:65:46 | ...+... | provenance | Sink:MaD:180 |
| test.go:65:33:65:45 | selection of Table | test.go:65:26:65:46 | type conversion | provenance |  |
| test.go:110:19:110:54 | struct literal | test.go:111:17:111:22 | filter | provenance | Sink:MaD:1583 |
| test.go:110:40:110:53 | selection of Filter | test.go:110:19:110:54 | struct literal | provenance | Config |
nodes
| test.go:60:11:60:69 | ...+... | semmle.label | ...+... |
| test.go:60:50:60:63 | selection of Filter | semmle.label | selection of Filter |
| test.go:65:10:65:46 | ...+... | semmle.label | ...+... |
| test.go:65:26:65:46 | type conversion | semmle.label | type conversion |
| test.go:65:33:65:45 | selection of Table | semmle.label | selection of Table |
| test.go:110:19:110:54 | struct literal | semmle.label | struct literal |
| test.go:110:40:110:53 | selection of Filter | semmle.label | selection of Filter |
| test.go:111:17:111:22 | filter | semmle.label | filter |
subpaths
#select
| test.go:60:11:60:69 | ...+... | test.go:60:50:60:63 | selection of Filter | test.go:60:11:60:69 | ...+... | Data from custom resource in SQL query |
| test.go:65:10:65:46 | ...+... | test.go:65:33:65:45 | selection of Table | test.go:65:10:65:46 | ...+... | Data from custom resource in SQL query |
| test.go:111:17:111:22 | filter | test.go:110:40:110:53 | selection of Filter | test.go:111:17:111:22 | filter | Data from custom resource in SQL query |
