edges
| test.go:61:11:61:63 | ...+... | test.go:61:11:61:63 | ...+... | provenance | Config |
| test.go:61:11:61:63 | ...+... | test.go:61:11:61:69 | ...+... | provenance |  |
| test.go:61:11:61:63 | ...+... | test.go:61:11:61:69 | ...+... | provenance | Sink:MaD:184 |
| test.go:61:11:61:69 | ...+... | test.go:61:11:61:69 | ...+... | provenance | Config Sink:MaD:184 |
| test.go:61:50:61:63 | selection of Filter | test.go:61:11:61:63 | ...+... | provenance |  |
| test.go:66:10:66:46 | ...+... | test.go:66:10:66:46 | ...+... | provenance | Config Sink:MaD:180 |
| test.go:66:26:66:46 | type conversion | test.go:66:10:66:46 | ...+... | provenance |  |
| test.go:66:33:66:45 | selection of Table | test.go:66:26:66:46 | type conversion | provenance |  |
| test.go:157:9:157:52 | []type{args} [array] | test.go:157:9:157:52 | call to Sprintf | provenance | MaD:311 |
| test.go:157:9:157:52 | call to Sprintf | test.go:157:9:157:52 | call to Sprintf | provenance | Config |
| test.go:157:9:157:52 | call to Sprintf | test.go:161:10:161:31 | call to buildDropStatement | provenance | Sink:MaD:180 |
| test.go:157:38:157:51 | selection of Filter | test.go:157:9:157:52 | []type{args} [array] | provenance |  |
| test.go:157:38:157:51 | selection of Filter | test.go:157:9:157:52 | call to Sprintf | provenance | FunctionModel |
nodes
| test.go:61:11:61:63 | ...+... | semmle.label | ...+... |
| test.go:61:11:61:63 | ...+... | semmle.label | ...+... |
| test.go:61:11:61:69 | ...+... | semmle.label | ...+... |
| test.go:61:11:61:69 | ...+... | semmle.label | ...+... |
| test.go:61:50:61:63 | selection of Filter | semmle.label | selection of Filter |
| test.go:66:10:66:46 | ...+... | semmle.label | ...+... |
| test.go:66:10:66:46 | ...+... | semmle.label | ...+... |
| test.go:66:26:66:46 | type conversion | semmle.label | type conversion |
| test.go:66:33:66:45 | selection of Table | semmle.label | selection of Table |
| test.go:157:9:157:52 | []type{args} [array] | semmle.label | []type{args} [array] |
| test.go:157:9:157:52 | call to Sprintf | semmle.label | call to Sprintf |
| test.go:157:9:157:52 | call to Sprintf | semmle.label | call to Sprintf |
| test.go:157:38:157:51 | selection of Filter | semmle.label | selection of Filter |
| test.go:161:10:161:31 | call to buildDropStatement | semmle.label | call to buildDropStatement |
subpaths
#select
| test.go:61:11:61:69 | ...+... | test.go:61:50:61:63 | selection of Filter | test.go:61:11:61:69 | ...+... | Data from custom resource in SQL query |
| test.go:66:10:66:46 | ...+... | test.go:66:33:66:45 | selection of Table | test.go:66:10:66:46 | ...+... | Data from custom resource in SQL query |
| test.go:161:10:161:31 | call to buildDropStatement | test.go:157:38:157:51 | selection of Filter | test.go:161:10:161:31 | call to buildDropStatement | Data from custom resource in SQL query |
