edges
| test.go:85:17:85:32 | index expression | test.go:85:10:85:33 | type conversion | provenance |  |
nodes
| test.go:85:10:85:33 | type conversion | semmle.label | type conversion |
| test.go:85:17:85:32 | index expression | semmle.label | index expression |
subpaths
#select
| test.go:85:10:85:33 | type conversion | test.go:85:17:85:32 | index expression | test.go:85:10:85:33 | type conversion | Secret value is leaked in Custom Resource |
