edges
| test.go:122:25:122:40 | index expression | test.go:122:18:122:41 | type conversion | provenance |  |
| test.go:153:42:153:57 | index expression | test.go:153:35:153:58 | type conversion | provenance |  |
| test.go:159:38:159:53 | index expression | test.go:159:31:159:54 | type conversion | provenance |  |
| test.go:165:53:165:68 | index expression | test.go:165:46:165:69 | type conversion | provenance |  |
| test.go:172:35:172:50 | index expression | test.go:172:23:172:51 | type conversion | provenance |  |
| test.go:189:2:193:2 | range statement[1] | test.go:191:20:191:30 | type conversion | provenance |  |
| test.go:199:2:201:2 | range statement[1] | test.go:200:19:200:21 | val | provenance |  |
| test.go:218:31:218:46 | index expression | test.go:218:24:218:47 | type conversion | provenance |  |
| test.go:226:23:226:38 | index expression | test.go:226:16:226:39 | type conversion | provenance |  |
| test.go:233:2:233:3 | cr [postupdate] [pointer, Spec, List, array] | test.go:233:24:233:25 | cr [pointer, Spec, List, array] | provenance |  |
| test.go:233:2:233:3 | cr [postupdate] [pointer, Spec, List] | test.go:233:24:233:25 | cr [pointer, Spec, List] | provenance |  |
| test.go:233:2:233:3 | implicit dereference [postupdate] [Spec, List, array] | test.go:233:2:233:3 | cr [postupdate] [pointer, Spec, List, array] | provenance |  |
| test.go:233:2:233:3 | implicit dereference [postupdate] [Spec, List] | test.go:233:2:233:3 | cr [postupdate] [pointer, Spec, List] | provenance |  |
| test.go:233:2:233:8 | selection of Spec [postupdate] [List, array] | test.go:233:2:233:3 | implicit dereference [postupdate] [Spec, List, array] | provenance |  |
| test.go:233:2:233:8 | selection of Spec [postupdate] [List] | test.go:233:2:233:3 | implicit dereference [postupdate] [Spec, List] | provenance |  |
| test.go:233:17:233:62 | []type{args} [array] | test.go:233:17:233:62 | call to append | provenance | MaD:31 |
| test.go:233:17:233:62 | []type{args} [array] | test.go:233:17:233:62 | call to append | provenance | MaD:31 |
| test.go:233:17:233:62 | []type{args} [array] | test.go:233:17:233:62 | call to append [array] | provenance | MaD:31 |
| test.go:233:17:233:62 | call to append | test.go:233:2:233:8 | selection of Spec [postupdate] [List] | provenance |  |
| test.go:233:17:233:62 | call to append [array] | test.go:233:2:233:8 | selection of Spec [postupdate] [List, array] | provenance |  |
| test.go:233:24:233:25 | cr [pointer, Spec, List, array] | test.go:233:24:233:25 | implicit dereference [Spec, List, array] | provenance |  |
| test.go:233:24:233:25 | cr [pointer, Spec, List] | test.go:233:24:233:25 | implicit dereference [Spec, List] | provenance |  |
| test.go:233:24:233:25 | implicit dereference [Spec, List, array] | test.go:233:24:233:30 | selection of Spec [List, array] | provenance |  |
| test.go:233:24:233:25 | implicit dereference [Spec, List] | test.go:233:24:233:30 | selection of Spec [List] | provenance |  |
| test.go:233:24:233:30 | selection of Spec [List, array] | test.go:233:24:233:35 | selection of List [array] | provenance |  |
| test.go:233:24:233:30 | selection of Spec [List] | test.go:233:24:233:35 | selection of List | provenance |  |
| test.go:233:24:233:35 | selection of List | test.go:233:17:233:62 | call to append | provenance | MaD:28 |
| test.go:233:24:233:35 | selection of List | test.go:233:17:233:62 | call to append | provenance | MaD:28 |
| test.go:233:24:233:35 | selection of List [array] | test.go:233:17:233:62 | call to append | provenance | MaD:29 |
| test.go:233:24:233:35 | selection of List [array] | test.go:233:17:233:62 | call to append | provenance | MaD:29 |
| test.go:233:24:233:35 | selection of List [array] | test.go:233:17:233:62 | call to append [array] | provenance | MaD:29 |
| test.go:233:38:233:61 | type conversion | test.go:233:17:233:62 | []type{args} [array] | provenance |  |
| test.go:233:45:233:60 | index expression | test.go:233:38:233:61 | type conversion | provenance |  |
| test.go:238:27:238:42 | index expression | test.go:238:20:238:43 | type conversion | provenance |  |
| test.go:265:17:265:32 | index expression | test.go:265:10:265:33 | type conversion | provenance |  |
| test.go:283:28:283:43 | index expression | test.go:283:21:283:44 | type conversion | provenance |  |
| test.go:291:36:291:59 | type conversion | test.go:291:9:291:60 | map literal | provenance |  |
| test.go:291:43:291:58 | index expression | test.go:291:36:291:59 | type conversion | provenance |  |
| test.go:299:43:299:58 | index expression | test.go:299:36:299:59 | type conversion | provenance |  |
| test.go:323:25:323:60 | index expression | test.go:323:18:323:61 | type conversion | provenance |  |
| test.go:351:2:351:61 | ... := ...[0] | test.go:352:21:352:31 | selection of Bytes | provenance |  |
| test.go:351:25:351:60 | index expression | test.go:351:2:351:61 | ... := ...[0] | provenance | MaD:258 |
| test.go:395:25:395:40 | index expression | test.go:395:18:395:41 | type conversion | provenance |  |
| test.go:416:9:419:3 | slice literal [array, Value] | test.go:465:20:465:41 | call to buildSecretEnv [array, Value] | provenance |  |
| test.go:416:25:419:2 | struct literal [Value] | test.go:416:9:419:3 | slice literal [array, Value] | provenance |  |
| test.go:418:10:418:33 | type conversion | test.go:416:25:419:2 | struct literal [Value] | provenance |  |
| test.go:418:17:418:32 | index expression | test.go:418:10:418:33 | type conversion | provenance |  |
| test.go:418:17:418:32 | index expression | test.go:418:10:418:33 | type conversion | provenance |  |
| test.go:465:2:467:2 | range statement[1] [Value] | test.go:466:19:466:19 | e [Value] | provenance |  |
| test.go:465:20:465:41 | call to buildSecretEnv [array, Value] | test.go:465:2:467:2 | range statement[1] [Value] | provenance |  |
| test.go:466:19:466:19 | e [Value] | test.go:466:19:466:25 | selection of Value | provenance |  |
nodes
| test.go:122:18:122:41 | type conversion | semmle.label | type conversion |
| test.go:122:25:122:40 | index expression | semmle.label | index expression |
| test.go:153:35:153:58 | type conversion | semmle.label | type conversion |
| test.go:153:42:153:57 | index expression | semmle.label | index expression |
| test.go:159:31:159:54 | type conversion | semmle.label | type conversion |
| test.go:159:38:159:53 | index expression | semmle.label | index expression |
| test.go:165:46:165:69 | type conversion | semmle.label | type conversion |
| test.go:165:53:165:68 | index expression | semmle.label | index expression |
| test.go:172:23:172:51 | type conversion | semmle.label | type conversion |
| test.go:172:35:172:50 | index expression | semmle.label | index expression |
| test.go:177:21:177:36 | index expression | semmle.label | index expression |
| test.go:189:2:193:2 | range statement[1] | semmle.label | range statement[1] |
| test.go:191:20:191:30 | type conversion | semmle.label | type conversion |
| test.go:199:2:201:2 | range statement[1] | semmle.label | range statement[1] |
| test.go:200:19:200:21 | val | semmle.label | val |
| test.go:218:24:218:47 | type conversion | semmle.label | type conversion |
| test.go:218:31:218:46 | index expression | semmle.label | index expression |
| test.go:226:16:226:39 | type conversion | semmle.label | type conversion |
| test.go:226:23:226:38 | index expression | semmle.label | index expression |
| test.go:233:2:233:3 | cr [postupdate] [pointer, Spec, List, array] | semmle.label | cr [postupdate] [pointer, Spec, List, array] |
| test.go:233:2:233:3 | cr [postupdate] [pointer, Spec, List] | semmle.label | cr [postupdate] [pointer, Spec, List] |
| test.go:233:2:233:3 | implicit dereference [postupdate] [Spec, List, array] | semmle.label | implicit dereference [postupdate] [Spec, List, array] |
| test.go:233:2:233:3 | implicit dereference [postupdate] [Spec, List] | semmle.label | implicit dereference [postupdate] [Spec, List] |
| test.go:233:2:233:8 | selection of Spec [postupdate] [List, array] | semmle.label | selection of Spec [postupdate] [List, array] |
| test.go:233:2:233:8 | selection of Spec [postupdate] [List] | semmle.label | selection of Spec [postupdate] [List] |
| test.go:233:17:233:62 | []type{args} [array] | semmle.label | []type{args} [array] |
| test.go:233:17:233:62 | call to append | semmle.label | call to append |
| test.go:233:17:233:62 | call to append | semmle.label | call to append |
| test.go:233:17:233:62 | call to append [array] | semmle.label | call to append [array] |
| test.go:233:24:233:25 | cr [pointer, Spec, List, array] | semmle.label | cr [pointer, Spec, List, array] |
| test.go:233:24:233:25 | cr [pointer, Spec, List] | semmle.label | cr [pointer, Spec, List] |
| test.go:233:24:233:25 | implicit dereference [Spec, List, array] | semmle.label | implicit dereference [Spec, List, array] |
| test.go:233:24:233:25 | implicit dereference [Spec, List] | semmle.label | implicit dereference [Spec, List] |
| test.go:233:24:233:30 | selection of Spec [List, array] | semmle.label | selection of Spec [List, array] |
| test.go:233:24:233:30 | selection of Spec [List] | semmle.label | selection of Spec [List] |
| test.go:233:24:233:35 | selection of List | semmle.label | selection of List |
| test.go:233:24:233:35 | selection of List [array] | semmle.label | selection of List [array] |
| test.go:233:38:233:61 | type conversion | semmle.label | type conversion |
| test.go:233:45:233:60 | index expression | semmle.label | index expression |
| test.go:238:20:238:43 | type conversion | semmle.label | type conversion |
| test.go:238:27:238:42 | index expression | semmle.label | index expression |
| test.go:265:10:265:33 | type conversion | semmle.label | type conversion |
| test.go:265:17:265:32 | index expression | semmle.label | index expression |
| test.go:283:21:283:44 | type conversion | semmle.label | type conversion |
| test.go:283:28:283:43 | index expression | semmle.label | index expression |
| test.go:291:9:291:60 | map literal | semmle.label | map literal |
| test.go:291:36:291:59 | type conversion | semmle.label | type conversion |
| test.go:291:43:291:58 | index expression | semmle.label | index expression |
| test.go:299:36:299:59 | type conversion | semmle.label | type conversion |
| test.go:299:43:299:58 | index expression | semmle.label | index expression |
| test.go:323:18:323:61 | type conversion | semmle.label | type conversion |
| test.go:323:25:323:60 | index expression | semmle.label | index expression |
| test.go:351:2:351:61 | ... := ...[0] | semmle.label | ... := ...[0] |
| test.go:351:25:351:60 | index expression | semmle.label | index expression |
| test.go:352:21:352:31 | selection of Bytes | semmle.label | selection of Bytes |
| test.go:395:18:395:41 | type conversion | semmle.label | type conversion |
| test.go:395:25:395:40 | index expression | semmle.label | index expression |
| test.go:416:9:419:3 | slice literal [array, Value] | semmle.label | slice literal [array, Value] |
| test.go:416:25:419:2 | struct literal [Value] | semmle.label | struct literal [Value] |
| test.go:418:10:418:33 | type conversion | semmle.label | type conversion |
| test.go:418:10:418:33 | type conversion | semmle.label | type conversion |
| test.go:418:17:418:32 | index expression | semmle.label | index expression |
| test.go:465:2:467:2 | range statement[1] [Value] | semmle.label | range statement[1] [Value] |
| test.go:465:20:465:41 | call to buildSecretEnv [array, Value] | semmle.label | call to buildSecretEnv [array, Value] |
| test.go:466:19:466:19 | e [Value] | semmle.label | e [Value] |
| test.go:466:19:466:25 | selection of Value | semmle.label | selection of Value |
subpaths
#select
| test.go:122:18:122:41 | type conversion | test.go:122:25:122:40 | index expression | test.go:122:18:122:41 | type conversion | Secret value is leaked in Custom Resource |
| test.go:153:35:153:58 | type conversion | test.go:153:42:153:57 | index expression | test.go:153:35:153:58 | type conversion | Secret value is leaked in Custom Resource |
| test.go:159:31:159:54 | type conversion | test.go:159:38:159:53 | index expression | test.go:159:31:159:54 | type conversion | Secret value is leaked in Custom Resource |
| test.go:165:46:165:69 | type conversion | test.go:165:53:165:68 | index expression | test.go:165:46:165:69 | type conversion | Secret value is leaked in Custom Resource |
| test.go:172:23:172:51 | type conversion | test.go:172:35:172:50 | index expression | test.go:172:23:172:51 | type conversion | Secret value is leaked in Custom Resource |
| test.go:177:21:177:36 | index expression | test.go:177:21:177:36 | index expression | test.go:177:21:177:36 | index expression | Secret value is leaked in Custom Resource |
| test.go:191:20:191:30 | type conversion | test.go:189:2:193:2 | range statement[1] | test.go:191:20:191:30 | type conversion | Secret value is leaked in Custom Resource |
| test.go:200:19:200:21 | val | test.go:199:2:201:2 | range statement[1] | test.go:200:19:200:21 | val | Secret value is leaked in Custom Resource |
| test.go:218:24:218:47 | type conversion | test.go:218:31:218:46 | index expression | test.go:218:24:218:47 | type conversion | Secret value is leaked in Custom Resource |
| test.go:226:16:226:39 | type conversion | test.go:226:23:226:38 | index expression | test.go:226:16:226:39 | type conversion | Secret value is leaked in Custom Resource |
| test.go:233:17:233:62 | call to append | test.go:233:45:233:60 | index expression | test.go:233:17:233:62 | call to append | Secret value is leaked in Custom Resource |
| test.go:238:20:238:43 | type conversion | test.go:238:27:238:42 | index expression | test.go:238:20:238:43 | type conversion | Secret value is leaked in Custom Resource |
| test.go:265:10:265:33 | type conversion | test.go:265:17:265:32 | index expression | test.go:265:10:265:33 | type conversion | Secret value is leaked in Custom Resource |
| test.go:283:21:283:44 | type conversion | test.go:283:28:283:43 | index expression | test.go:283:21:283:44 | type conversion | Secret value is leaked in Custom Resource |
| test.go:291:9:291:60 | map literal | test.go:291:43:291:58 | index expression | test.go:291:9:291:60 | map literal | Secret value is leaked in Custom Resource |
| test.go:299:36:299:59 | type conversion | test.go:299:43:299:58 | index expression | test.go:299:36:299:59 | type conversion | Secret value is leaked in Custom Resource |
| test.go:323:18:323:61 | type conversion | test.go:323:25:323:60 | index expression | test.go:323:18:323:61 | type conversion | Secret value is leaked in Custom Resource |
| test.go:352:21:352:31 | selection of Bytes | test.go:351:25:351:60 | index expression | test.go:352:21:352:31 | selection of Bytes | Secret value is leaked in Custom Resource |
| test.go:395:18:395:41 | type conversion | test.go:395:25:395:40 | index expression | test.go:395:18:395:41 | type conversion | Secret value is leaked in Custom Resource |
| test.go:418:10:418:33 | type conversion | test.go:418:17:418:32 | index expression | test.go:418:10:418:33 | type conversion | Secret value is leaked in Custom Resource |
| test.go:466:19:466:25 | selection of Value | test.go:418:17:418:32 | index expression | test.go:466:19:466:25 | selection of Value | Secret value is leaked in Custom Resource |
