edges
| test.go:102:25:102:40 | index expression | test.go:102:18:102:41 | type conversion | provenance |  |
| test.go:133:42:133:57 | index expression | test.go:133:35:133:58 | type conversion | provenance |  |
| test.go:139:38:139:53 | index expression | test.go:139:31:139:54 | type conversion | provenance |  |
| test.go:145:53:145:68 | index expression | test.go:145:46:145:69 | type conversion | provenance |  |
| test.go:152:35:152:50 | index expression | test.go:152:23:152:51 | type conversion | provenance |  |
| test.go:169:2:173:2 | range statement[1] | test.go:171:20:171:30 | type conversion | provenance |  |
| test.go:179:2:181:2 | range statement[1] | test.go:180:19:180:21 | val | provenance |  |
nodes
| test.go:102:18:102:41 | type conversion | semmle.label | type conversion |
| test.go:102:25:102:40 | index expression | semmle.label | index expression |
| test.go:133:35:133:58 | type conversion | semmle.label | type conversion |
| test.go:133:42:133:57 | index expression | semmle.label | index expression |
| test.go:139:31:139:54 | type conversion | semmle.label | type conversion |
| test.go:139:38:139:53 | index expression | semmle.label | index expression |
| test.go:145:46:145:69 | type conversion | semmle.label | type conversion |
| test.go:145:53:145:68 | index expression | semmle.label | index expression |
| test.go:152:23:152:51 | type conversion | semmle.label | type conversion |
| test.go:152:35:152:50 | index expression | semmle.label | index expression |
| test.go:157:21:157:36 | index expression | semmle.label | index expression |
| test.go:169:2:173:2 | range statement[1] | semmle.label | range statement[1] |
| test.go:171:20:171:30 | type conversion | semmle.label | type conversion |
| test.go:179:2:181:2 | range statement[1] | semmle.label | range statement[1] |
| test.go:180:19:180:21 | val | semmle.label | val |
subpaths
#select
| test.go:102:18:102:41 | type conversion | test.go:102:25:102:40 | index expression | test.go:102:18:102:41 | type conversion | Secret value is leaked in Custom Resource |
| test.go:133:35:133:58 | type conversion | test.go:133:42:133:57 | index expression | test.go:133:35:133:58 | type conversion | Secret value is leaked in Custom Resource |
| test.go:139:31:139:54 | type conversion | test.go:139:38:139:53 | index expression | test.go:139:31:139:54 | type conversion | Secret value is leaked in Custom Resource |
| test.go:145:46:145:69 | type conversion | test.go:145:53:145:68 | index expression | test.go:145:46:145:69 | type conversion | Secret value is leaked in Custom Resource |
| test.go:152:23:152:51 | type conversion | test.go:152:35:152:50 | index expression | test.go:152:23:152:51 | type conversion | Secret value is leaked in Custom Resource |
| test.go:157:21:157:36 | index expression | test.go:157:21:157:36 | index expression | test.go:157:21:157:36 | index expression | Secret value is leaked in Custom Resource |
| test.go:171:20:171:30 | type conversion | test.go:169:2:173:2 | range statement[1] | test.go:171:20:171:30 | type conversion | Secret value is leaked in Custom Resource |
| test.go:180:19:180:21 | val | test.go:179:2:181:2 | range statement[1] | test.go:180:19:180:21 | val | Secret value is leaked in Custom Resource |
