edges
| test.go:454:25:454:40 | index expression | test.go:454:18:454:41 | type conversion | provenance |  |
| test.go:459:25:459:40 | index expression | test.go:459:18:459:41 | type conversion | provenance |  |
| test.go:464:25:464:40 | index expression | test.go:464:18:464:41 | type conversion | provenance |  |
| test.go:469:25:469:40 | index expression | test.go:469:18:469:41 | type conversion | provenance |  |
nodes
| test.go:454:18:454:41 | type conversion | semmle.label | type conversion |
| test.go:454:25:454:40 | index expression | semmle.label | index expression |
| test.go:459:18:459:41 | type conversion | semmle.label | type conversion |
| test.go:459:25:459:40 | index expression | semmle.label | index expression |
| test.go:464:18:464:41 | type conversion | semmle.label | type conversion |
| test.go:464:25:464:40 | index expression | semmle.label | index expression |
| test.go:469:18:469:41 | type conversion | semmle.label | type conversion |
| test.go:469:25:469:40 | index expression | semmle.label | index expression |
subpaths
#select
| test.go:454:18:454:41 | type conversion | test.go:454:25:454:40 | index expression | test.go:454:18:454:41 | type conversion | Secret value is leaked in Custom Resource |
| test.go:459:18:459:41 | type conversion | test.go:459:25:459:40 | index expression | test.go:459:18:459:41 | type conversion | Secret value is leaked in Custom Resource |
| test.go:464:18:464:41 | type conversion | test.go:464:25:464:40 | index expression | test.go:464:18:464:41 | type conversion | Secret value is leaked in Custom Resource |
| test.go:469:18:469:41 | type conversion | test.go:469:25:469:40 | index expression | test.go:469:18:469:41 | type conversion | Secret value is leaked in Custom Resource |
